gthr-default.h:229:1:int __gthread_key_delete(__gthread_key_t)	16	static
main.cpp:78:5:int main()	8	static
main.cpp:136:6:void SystemClock_Config()	72	static
main.cpp:177:13:void MX_I2C1_Init()	8	static
main.cpp:211:13:void MX_USART1_UART_Init()	8	static
main.cpp:244:13:void MX_GPIO_Init()	40	static
main.cpp:268:6:void USART1_IRQHandler()	24	static
main.cpp:296:6:void Error_Handler()	4	static
main.cpp:302:1:void __static_initialization_and_destruction_0(int, int)	16	static
main.cpp:302:1:cpp)	8	static
